// Jest Snapshot v1, https://goo.gl/fbAQLP

exports[`renders correctly 1`] = `
<button
  className="btn transition-3d-hover bg-white d-flex align-items-center justify-content-center border rounded-circle"
  style={
    Object {
      "height": "45px",
      "width": "45px",
    }
  }
  type="button"
>
  <img
    alt="phone"
    height={20}
    src="/assets/svg/icons/phone.svg"
    width={20}
  />
</button>
`;
